// Jest Snapshot v1, https://goo.gl/fbAQLP

exports[`App.vue make App snapshot 1`] = `
<div
  class="app"
>
  <navbar-stub />
   
  <router-view />
</div>
`;
